I'm sorry, but errors were detected in your script. Please correct the
errors listed below, and try again.


File "game/script.rpy", line 56: Line is indented, but the preceding show statement statement does not expect a block. Please check this line's indentation. You may have forgotten a colon (:).
    xalign 0.15 yalign 0.45
    ^

Ren'Py Version: Ren'Py 8.1.3.23091805
Tue Jan 30 14:45:15 2024
